// Jest Snapshot v1, https://goo.gl/fbAQLP

exports[`<App> creates a new Game when restarted. 1`] = `
<div
  className="App"
>
  <div
    className="App-header"
  >
    <img
      alt="logo"
      className="App-logo spinning"
      src="logo.svg"
    />
    <h2>
      Minesweeper!
    </h2>
  </div>
  <Game
    gameId={0}
    height={20}
    numMines={30}
    onRestart={[Function]}
    width={20}
  />
</div>
`;
